John Doe

 Email: john.doe@exa...

 London, United Kingdom

 Phone: +44 123 456 7...

 LinkedIn: linkedin.com/...

PROFILE
Senior Software Engineer with 7+ years of experience in full-stack development. Passionate about building
scalable applications and leading technical teams. Expertise in modern web technologies and cloud ar-
chitecture.

TECHNICAL SKILLS
Frontend Development:

React, Angular, TypeScript, JavaScript, HTML5, CSS3

Backend Development: Python, Node.js, Java, RESTful APIs, GraphQL
Databases: PostgreSQL, MongoDB, Redis, MySQL
Cloud & DevOps: AWS, Docker, Kubernetes, CI/CD, Terraform
Tools & Practices: Git, Agile/Scrum, TDD, Code Review, JIRA

PROFESSIONAL EXPERIENCE
Tech Corp Ltd

Senior Software Engineer

(cid:127) Led development team of 5 engineers in building microservices architecture

Implemented CI/CD pipeline reducing deployment time by 60%

(cid:127) Mentored junior developers and conducted code reviews

(cid:127) Architected and developed RESTful APIs serving 1M+ daily requests

StartUp Inc

Full Stack Developer

(cid:127) Developed React-based frontend for e-commerce platform

(cid:127) Built Node.js backend services handling payment processing

Improved application performance by 40% through optimization

(cid:127) Collaborated with UX team to implement responsive designs

Digital Agency

Junior Developer

(cid:127) Developed and maintained client websites using modern frameworks

(cid:127) Participated in agile development process and daily standups

(cid:127) Wrote unit tests achieving 80% code coverage

(cid:127) Assisted in database design and optimization

3 years

2 years

2 years

(cid:127)
(cid:127)
John Doe

 Email: john.doe@exa...

 London, United Kingdom

 Phone: +44 123 456 7...

 LinkedIn: linkedin.com/...

EDUCATION
University of Example

BSc Computer Science

PROJECTS & ACHIEVEMENTS
Project Management System

2010 - 2014

Designed and implemented a web-based project management tool using React and Node.js. Features in-
cluded real-time collaboration, task tracking, and reporting dashboards. Successfully deployed to pro-
duction serving 500+ users.

E-commerce Platform

Built a scalable e-commerce solution with microservices architecture. Implemented features including
product catalog, shopping cart, payment integration, and order management. Achieved 99.9% uptime in
production.

Open Source Contribution

Active contributor to popular open-source projects. Submitted PRs for bug fixes and feature en-
hancements. Maintained personal npm packages with 10k+ weekly downloads.

ADDITIONAL INFORMATION
(cid:127) Fluent in English and Spanish

(cid:127) Available for remote work and occasional travel

(cid:127) Active speaker at local tech meetups

(cid:127) Certified AWS Solutions Architect


